[exoxemis.com/index.html]
[exoxemis.com/xmlrpc.php]
[exoxemis.com/wp-content/uploads/2019/09/exox_logoSheet_250percent-2.png]
[backblue.gif]
[fade.gif]
[index.html]
[exoxemis.com/wp-includes/css/dist/block-library/style.mind70e.css]
[exoxemis.com/feed/index.html]
[exoxemis.com/wp-content/plugins/revslider/public/assets/css/settings84f5.css]
[exoxemis.com/wp-content/themes/clariwell/assets/css/bootstrap.mine485.css]
[exoxemis.com/comments/feed/index.html]
[exoxemis.com/wp-content/themes/clariwell/assets/css/elementd70e.css]
[exoxemis.com/wp-content/themes/clariwell/assets/css/font-awesome.mind70e.css]
[exoxemis.com/wp-content/themes/clariwell/assets/css/insignia-iconsd70e.css]
[exoxemis.com/wp-content/themes/clariwell/assets/css/iconsmind.mind70e.css]
[exoxemis.com/wp-content/themes/clariwell/styled70e.css]
[exoxemis.com/wp-content/themes/clariwell/assets/css/navigationd70e.css]
[exoxemis.com/wp-content/themes/clariwell/assets/css/animate.mind70e.css]
[exoxemis.com/wp-content/themes/clariwell/assets/css/clariwell-cssd70e.css]
[exoxemis.com/wp-content/plugins/js_composer/assets/css/js_composer.mine23c.css]
[exoxemis.com/wp-includes/js/jquery/jquery.minf43b.js]
[exoxemis.com/wp-includes/js/jquery/jquery-migrate.min5589.js]
[exoxemis.com/wp-content/plugins/revslider/public/assets/js/jquery.themepunch.tools.min84f5.js]
[exoxemis.com/wp-content/plugins/revslider/public/assets/js/jquery.themepunch.revolution.min84f5.js]
[exoxemis.com/wp-content/plugins/wonderplugin-video-embed/engine/wonderpluginvideoembedd5f7.js]
[exoxemis.com/wp-content/themes/clariwell/assets/js/slickd70e.js]
[exoxemis.com/wp-json/wp/v2/pages/588.json]
[exoxemis.com/wp-json/index.html]
[exoxemis.com/xmlrpc0db0.php]
[exoxemis.com/wp-json/oembed/1.0/embede03c.json]
[exoxemis.com/wp-json/oembed/1.0/embeddc7d]
[www.google-analytics.com/analytics.js]
[exoxemis.com/wp-content/uploads/2018/12/clariwell-footer-bg-1.jpg]
[exoxemis.com/wp-content/uploads/2018/12/clariwell-logo-light-1.png]
[exoxemis.com/about-us/index.html]
[exoxemis.com/technology/index.html]
[exoxemis.com/wp-content/uploads/revslider/home-3/lab-home1-4.jpg]
[exoxemis.com/about-us/vision/index.html]
[exoxemis.com/intellectual/index.html]
[exoxemis.com/indications/index.html]
[exoxemis.com/collaboration/index.html]
[exoxemis.com/wp-content/uploads/revslider/home-3/lab-slide1.jpg]
[exoxemis.com/wp-content/uploads/2019/09/Zempia-Logo-Color-Update-1-005.png]
[exoxemis.com/collaboration/parter/index.html]
[exoxemis.com/publications/index.html]
[exoxemis.com/publications/literature/index.html]
[exoxemis.com/wp-content/uploads/2019/09/PinClipart.com_clipart-pfeil_49083-300x110.png]
[exoxemis.com/contact-us/index.html]
[exoxemis.com/wp-content/uploads/2019/09/MyeloperoxidaseMolecule1.gif]
[exoxemis.com/wp-content/uploads/2019/09/Jackson-Stephens-007_WEB-NEW.png]
[exoxemis.com/wp-content/uploads/2024/08/AACR-2024-poster_Junnan-Liu_Mayo-Clinic-1024x576.jpg]
[exoxemis.com/wp-content/uploads/2024/08/AACR-2024-poster_Junnan-Liu_Mayo-Clinic-scaled.jpg]
[exoxemis.com/wp-content/plugins/js_composer/assets/lib/bower/animate-css/animate.mine23c.css]
[exoxemis.com/wp-content/plugins/js_composer/assets/lib/bower/font-awesome/css/font-awesome.mine23c.css]
[exoxemis.com/wp-content/plugins/js_composer/assets/lib/prettyphoto/css/prettyPhoto.mine23c.css]
[exoxemis.com/wp-content/themes/clariwell/assets/css/slickd70e.css]
[exoxemis.com/wp-content/themes/clariwell/assets/css/swipebox.mind70e.css]
[exoxemis.com/wp-content/plugins/uji-popup/modal/css/jquery.modalec63.css]
[exoxemis.com/wp-content/plugins/uji-popup/css/popups5152.css]
[exoxemis.com/wp-content/themes/clariwell/assets/js/bootstrap68b3.js]
[exoxemis.com/wp-content/plugins/mailjet-for-wordpress/src/widgetformbuilder/js/front-widgetd70e.js]
[exoxemis.com/wp-content/plugins/js_composer/assets/js/dist/js_composer_front.mine23c.js]
[exoxemis.com/wp-content/plugins/js_composer/assets/lib/waypoints/waypoints.mine23c.js]
[exoxemis.com/wp-content/plugins/js_composer/assets/lib/prettyphoto/js/jquery.prettyPhoto.mine23c.js]
[exoxemis.com/wp-content/themes/clariwell/assets/js/isotope.pkgdd70e.js]
[exoxemis.com/wp-content/themes/clariwell/assets/js/masonry-horizontald70e.js]
[exoxemis.com/wp-includes/js/imagesloaded.minbb93.js]
[exoxemis.com/wp-content/themes/clariwell/assets/js/jquery.counterup.mind70e.js]
[exoxemis.com/wp-content/themes/clariwell/assets/js/clariwell-jsd70e.js]
[exoxemis.com/wp-content/themes/clariwell/assets/js/retinad70e.js]
[exoxemis.com/wp-content/themes/clariwell/assets/js/jquery.malihu.PageScroll2idd70e.js]
[exoxemis.com/wp-content/themes/clariwell/assets/js/jquery.swipeboxd70e.js]
[exoxemis.com/wp-content/themes/clariwell/assets/js/superfish.min.js]
[exoxemis.com/wp-content/themes/clariwell/assets/js/insignia-navigation68b3.js]
[exoxemis.com/wp-content/plugins/uji-popup/modal/jquery.modal.minec63.js]
[exoxemis.com/index.html]
[exoxemis.com/xmlrpc.php]
[exoxemis.com/wp-includes/css/dist/block-library/style.mind70e.css]
[exoxemis.com/wp-content/plugins/uji-popup/js/popups4963.js]
[exoxemis.com/wp-content/plugins/revslider/public/assets/fonts/revicons/revicons90c6.eot]
[exoxemis.com/wp-content/plugins/revslider/public/assets/fonts/revicons/revicons90c6.woff]
[exoxemis.com/wp-content/plugins/revslider/public/assets/fonts/revicons/revicons90c6.ttf]
[exoxemis.com/wp-content/plugins/revslider/public/assets/fonts/revicons/revicons90c6.svg]
[exoxemis.com/wp-content/plugins/revslider/public/assets/css/openhand.cur]
[exoxemis.com/wp-content/plugins/revslider/public/assets/css/closedhand.cur]
[exoxemis.com/wp-content/plugins/revslider/public/assets/assets/gridtile.png]
[exoxemis.com/wp-content/plugins/revslider/public/assets/assets/gridtile_white.png]
[exoxemis.com/wp-content/plugins/revslider/public/assets/assets/gridtile_3x3.png]
[exoxemis.com/wp-content/plugins/revslider/public/assets/assets/gridtile_3x3_white.png]
[exoxemis.com/wp-content/plugins/revslider/public/assets/assets/coloredbg.png]
[exoxemis.com/wp-content/plugins/revslider/public/assets/assets/loader.gif]
[exoxemis.com/wp-content/plugins/revslider/public/assets/css/settings84f5.css]
[exoxemis.com/wp-content/themes/clariwell/assets/css/bootstrap.mine485.css]
[exoxemis.com/wp-content/themes/clariwell/assets/css/elementd70e.css]
[exoxemis.com/wp-content/themes/clariwell/assets/fonts/fontawesome-webfont5b62.eot]
[exoxemis.com/wp-content/themes/clariwell/assets/fonts/fontawesome-webfontd41d.eot]
[exoxemis.com/wp-content/themes/clariwell/assets/fonts/fontawesome-webfont5b62.woff2]
[exoxemis.com/wp-content/themes/clariwell/assets/fonts/fontawesome-webfont5b62.woff]
[exoxemis.com/wp-content/themes/clariwell/assets/css/font-awesome.mind70e.css]
[exoxemis.com/wp-content/themes/clariwell/assets/css/insignia-iconsd70e.css]
[exoxemis.com/wp-content/themes/clariwell/assets/css/iconsmind.mind70e.css]
[exoxemis.com/wp-content/themes/clariwell/styled70e.css]
[exoxemis.com/wp-content/themes/clariwell/assets/css/navigationd70e.css]
[exoxemis.com/wp-content/themes/clariwell/assets/css/animate.mind70e.css]
[exoxemis.com/wp-content/themes/clariwell/assets/css/clariwell-cssd70e.css]
[exoxemis.com/wp-content/plugins/mailjet-for-wordpress/src/widgetformbuilder/css/front-widget6fb3.css]
[exoxemis.com/wp-content/plugins/js_composer/assets/css/js_composer.mine23c.css]
[exoxemis.com/wp-includes/js/jquery/jquery.minf43b.js]
[exoxemis.com/wp-includes/js/jquery/jquery-migrate.min5589.js]
[exoxemis.com/wp-content/plugins/revslider/public/assets/js/jquery.themepunch.tools.min84f5.js]
[exoxemis.com/wp-content/plugins/revslider/public/assets/js/jquery.themepunch.revolution.min84f5.js]
[exoxemis.com/wp-content/plugins/wonderplugin-video-embed/engine/wonderpluginvideoembedd5f7.js]
[exoxemis.com/wp-content/themes/clariwell/assets/js/slickd70e.js]
[insigniathemes.com/clariwell/home-1-import/wp-content/uploads/sites/8/2018/12/laboratory-pattern-bg10bcd.html]
[exoxemis.com/wp-content/uploads/2018/12/lab-page-title-2.jpg]
[exoxemis.com/about-us/index.html]
[exoxemis.com/wp-json/wp/v2/pages/15146.json]
[exoxemis.com/wp-json/oembed/1.0/embede85f.json]
[exoxemis.com/wp-json/oembed/1.0/embedc1c1]
[exoxemis.com/wp-content/plugins/js_composer/assets/css/js_composer_tta.mine23c.css]
[exoxemis.com/wp-content/plugins/js_composer/assets/lib/vc_accordion/vc-accordion.mine23c.js]
[exoxemis.com/wp-content/plugins/js_composer/assets/lib/vc-tta-autoplay/vc-tta-autoplay.mine23c.js]
[exoxemis.com/about-us/vision/index.html]
[exoxemis.com/wp-content/plugins/js_composer/assets/lib/vc_tabs/vc-tabs.mine23c.js]
[exoxemis.com/wp-json/wp/v2/pages/15140.json]
[exoxemis.com/wp-json/oembed/1.0/embedb801.json]
[exoxemis.com/intellectual/index.html]
[exoxemis.com/wp-json/oembed/1.0/embed9c6d]
[exoxemis.com/wp-json/wp/v2/pages/15121.json]
[exoxemis.com/wp-json/oembed/1.0/embed233d.json]
[exoxemis.com/wp-json/oembed/1.0/embed5c0e]
[exoxemis.com/wp-content/uploads/2019/08/Exoxemis-ORS-Conference-poster-1061-March-2004.pdf]
[exoxemis.com/technology/index.html]
[exoxemis.com/wp-json/wp/v2/pages/15197.json]
[exoxemis.com/wp-json/oembed/1.0/embed19d3.json]
[exoxemis.com/wp-json/oembed/1.0/embedfb83]
[exoxemis.com/wp-content/uploads/2019/08/Exoxemis-ASM-Biodefense-Research-Meeting-Paper-56-Mar-2004.pdf]
[exoxemis.com/indications/index.html]
[exoxemis.com/wp-json/wp/v2/pages/886.json]
[exoxemis.com/wp-json/oembed/1.0/embed941d.json]
[exoxemis.com/wp-json/oembed/1.0/embed9248]
[exoxemis.com/collaboration/index.html]
[exoxemis.com/wp-json/wp/v2/pages/15171.json]
[exoxemis.com/wp-json/oembed/1.0/embeddb4e.json]
[exoxemis.com/collaboration/parter/index.html]
[exoxemis.com/wp-json/oembed/1.0/embedc068]
[exoxemis.com/wp-json/wp/v2/pages/15254.json]
[exoxemis.com/wp-json/oembed/1.0/embed3ddf.json]
[exoxemis.com/wp-json/oembed/1.0/embed456a]
[exoxemis.com/wp-content/uploads/2019/09/Mechanism-of-Microbicidal-Action-of-E-101-Solution-a-1.pdf]
[exoxemis.com/wp-content/uploads/2020/03/ECCMID-2020-Poster.pdf]
[exoxemis.com/wp-content/uploads/2019/08/CandidaPosterASMv4.jpg]
[exoxemis.com/wp-content/uploads/2019/08/CandidaPosterASMv4.pdf]
[exoxemis.com/wp-content/uploads/2019/08/ECCMID_Poster_1453.jpg]
[exoxemis.com/wp-content/uploads/2019/08/ECCMID_Poster_1453.pdf]
[exoxemis.com/wp-content/uploads/2019/08/ECCMID_exoxemis_surv_eurofins.jpg]
[exoxemis.com/wp-content/uploads/2019/08/ECCMID_exoxemis_surv_eurofins_poster_v4_with_logobig.pdf]
[exoxemis.com/wp-content/uploads/2019/08/ECCMID_exoxemis_ESKAPE_eurofins_poster_v2.jpg]
[exoxemis.com/wp-content/uploads/2019/08/ECCMID_exoxemis_ESKAPE_eurofins_poster_v2big.pdf]
[exoxemis.com/wp-content/uploads/2019/08/0EX2MM019_ASM.jpg]
[exoxemis.com/wp-content/uploads/2019/08/0EX2MM019_ASM_Poster_DR3_LR.pdf]
[exoxemis.com/wp-content/uploads/2019/08/0EX2MM018_SIS.jpg]
[exoxemis.com/wp-content/uploads/2019/08/0EX2MM018_SIS_Poster_DR2_LR.pdf]
[exoxemis.com/wp-content/uploads/2019/08/Ex-01052010.jpg]
[exoxemis.com/wp-content/uploads/2019/08/0EX2MM014.pdf]
[exoxemis.com/wp-content/uploads/2019/08/Poster-A-024-2.pdf]
[exoxemis.com/wp-content/uploads/2019/08/PosterP2308.gif]
[exoxemis.com/wp-content/uploads/2019/08/PosterP2308.pdf]
[exoxemis.com/wp-content/uploads/2019/08/0EX2MM005_ICAAC_Poster_3_Dr2.pdf]
[exoxemis.com/wp-content/uploads/2019/08/0EX2MM005_ICAAC_Poster_1A_DR7.pdf]
[exoxemis.com/wp-content/uploads/2019/08/0EX2MM005_ICAAC_Poster_2_Dr3.jpg]
[exoxemis.com/wp-content/uploads/2019/08/0EX2MM005_ICAAC_Poster_2_Dr3.pdf]
[exoxemis.com/wp-content/uploads/2019/08/0EX2MM005_ICAAC_Poster_4_DR6.pdf]
[exoxemis.com/wp-content/uploads/2019/08/ORS2005RatDermal_Poster.pdf]
[exoxemis.com/wp-content/uploads/2019/08/Exoxemis_Animal_Safety_Formulated_Porcine_MPO_Poster_Oct_2004.pdf]
[exoxemis.com/wp-content/uploads/2019/08/Exoxemis-ICAAC-Microbicidal-Poster-Sept-2003.pdf]
[exoxemis.com/wp-content/uploads/2019/08/Exoxemis-43rd-ICAAC-poster-F353-Sept-2003.pdf]
[exoxemis.com/wp-content/uploads/2019/08/Exoxemsi-ORS-A-New-Approach-Poster-Feb-2003.ppt]
[exoxemis.com/wp-content/uploads/2019/08/Exoxemis-Analysis-of-WCBP-Poster-Jan-2003.pdf]
[exoxemis.com/wp-content/uploads/2019/09/794072-1.pdf]
[exoxemis.com/publications/index.html]
[exoxemis.com/wp-json/wp/v2/pages/15225.json]
[exoxemis.com/wp-json/oembed/1.0/embed2ba5.json]
[exoxemis.com/wp-json/oembed/1.0/embed5fae]
[exoxemis.com/wp-content/uploads/2019/08/Paper_MacrophageMediated_Inflammation_21_159-72_1997.pdf]
[exoxemis.com/wp-content/uploads/2019/08/Paper_EnzyInactive-Eosin_Cell_Immunol_196_23-33_1999.pdf]
[exoxemis.com/wp-content/uploads/2019/08/paper_Endothelium_Immunol_202_23-30_2000.pdf]
[exoxemis.com/wp-content/uploads/2019/08/Paper_MyeloSelectBinds.pdf]
[exoxemis.com/wp-content/uploads/2019/08/Paper_Disturbed-Myelo_19961.pdf]
[exoxemis.com/wp-content/uploads/2019/08/Paper_TwoStageResponse_Crit_Care_Med_29_326-34_2001.pdf]
[exoxemis.com/wp-content/uploads/2019/08/Paper_PeroxMediatedOxy_Inflammation_24_251-63_2000.pdf]
[exoxemis.com/wp-content/uploads/2019/08/Paper_InVitroand-InVivoActivit_Acin_AAC_2011.pdf]
[exoxemis.com/wp-content/uploads/2019/08/PUBLICATIONEnviron_Health_Perspectives_102_S10_201-208_1994.pdf]
[exoxemis.com/publications/literature/index.html]
[exoxemis.com/wp-json/wp/v2/pages/15126.json]
[exoxemis.com/wp-json/oembed/1.0/embedd2ab.json]
[exoxemis.com/contact-us/index.html]
[exoxemis.com/wp-content/plugins/js_composer/assets/lib/bower/animate-css/animate.mine23c.css]
[exoxemis.com/wp-json/oembed/1.0/embed5af1]
[exoxemis.com/wp-content/plugins/js_composer/assets/lib/bower/font-awesome/fonts/fontawesome-webfont3e6e.eot]
[exoxemis.com/wp-content/plugins/js_composer/assets/lib/bower/font-awesome/fonts/fontawesome-webfontd41d.eot]
[exoxemis.com/wp-content/plugins/js_composer/assets/lib/bower/font-awesome/fonts/fontawesome-webfont3e6e.woff2]
[exoxemis.com/wp-content/plugins/js_composer/assets/lib/bower/font-awesome/fonts/fontawesome-webfont3e6e.woff]
[exoxemis.com/wp-content/plugins/js_composer/assets/lib/bower/font-awesome/css/font-awesome.mine23c.css]
[exoxemis.com/wp-content/plugins/js_composer/assets/lib/prettyphoto/css/prettyPhoto.mine23c.css]
[exoxemis.com/wp-content/themes/clariwell/assets/css/slickd70e.css]
[exoxemis.com/wp-content/themes/clariwell/assets/css/swipebox.mind70e.css]
[exoxemis.com/wp-content/plugins/uji-popup/modal/css/jquery.modalec63.css]
[exoxemis.com/wp-content/plugins/uji-popup/css/popups5152.css]
[exoxemis.com/wp-content/themes/clariwell/assets/js/bootstrap68b3.js]
[exoxemis.com/wp-content/plugins/mailjet-for-wordpress/src/widgetformbuilder/js/front-widgetd70e.js]
[apis.google.com/js/plusone.js]
[assets.pinterest.com/js/pinit.js]
[exoxemis.com/wp-content/plugins/js_composer/assets/js/dist/js_composer_front.mine23c.js]
[exoxemis.com/wp-content/plugins/js_composer/assets/lib/waypoints/waypoints.mine23c.js]
[exoxemis.com/wp-content/plugins/js_composer/assets/lib/prettyphoto/js/jquery.prettyPhoto.mine23c.js]
[exoxemis.com/wp-content/themes/clariwell/assets/js/isotope.pkgdd70e.js]
[exoxemis.com/wp-content/themes/clariwell/assets/js/masonry-horizontald70e.js]
[exoxemis.com/wp-includes/js/imagesloaded.minbb93.js]
[exoxemis.com/wp-content/themes/clariwell/assets/js/jquery.counterup.mind70e.js]
[exoxemis.com/wp-content/themes/clariwell/assets/js/clariwell-jsd70e.js]
[exoxemis.com/wp-content/themes/clariwell/assets/js/retinad70e.js]
[exoxemis.com/wp-content/themes/clariwell/assets/js/jquery.malihu.PageScroll2idd70e.js]
[exoxemis.com/wp-content/themes/clariwell/assets/js/jquery.swipeboxd70e.js]
[exoxemis.com/wp-content/themes/clariwell/assets/js/superfish.min.js]
[exoxemis.com/wp-content/themes/clariwell/assets/js/insignia-navigation68b3.js]
[exoxemis.com/wp-content/plugins/uji-popup/modal/jquery.modal.minec63.js]
[exoxemis.com/wp-content/plugins/uji-popup/js/popups4963.js]
[exoxemis.com/wp-content/plugins/revslider/public/assets/fonts/revicons/revicons90c6.svg]
[exoxemis.com/wp-content/themes/clariwell/assets/fonts/fontawesome-webfont5b62.html]
[exoxemis.com/wp-content/themes/clariwell/assets/fonts/fontawesome-webfont5b62-2.html]
[exoxemis.com/wp-content/themes/clariwell/assets/fonts/fontawesome-webfont5b62-3.html]
[exoxemis.com/wp-content/themes/clariwell/assets/fonts/iconsmindd41d.html]
[exoxemis.com/wp-content/themes/clariwell/assets/fonts/iconsmind.html]
[exoxemis.com/wp-content/themes/clariwell/assets/fonts/iconsmind-2.html]
[exoxemis.com/wp-content/themes/clariwell/assets/img/select-arrow.html]
[exoxemis.com/wp-content/themes/clariwell/assets/fonts/fontawesome.html]
[exoxemis.com/wp-content/themes/clariwell/assets/fonts/fontawesomed41d.html]
[exoxemis.com/wp-content/themes/clariwell/assets/fonts/fontawesome-2.html]
[exoxemis.com/wp-content/themes/clariwell/assets/fonts/fontawesome-3.html]
[exoxemis.com/wp-content/themes/clariwell/assets/fonts/fontawesome-4.html]
[exoxemis.com/wp-content/themes/clariwell/assets/fonts/themify.html]
[exoxemis.com/wp-content/themes/clariwell/assets/fonts/themifyd41d.html]
[exoxemis.com/wp-content/themes/clariwell/assets/fonts/themify-2.html]
[exoxemis.com/wp-content/themes/clariwell/assets/fonts/themify-3.html]
[exoxemis.com/wp-content/themes/clariwell/assets/fonts/themify-4.html]
[exoxemis.com/wp-content/themes/clariwell/assets/fonts/Saira-Regular.html]
[exoxemis.com/wp-content/themes/clariwell/assets/fonts/Ubuntu-Regular.html]
[exoxemis.com/wp-content/themes/clariwell/assets/img/close.html]
[exoxemis.com/wp-content/plugins/js_composer/assets/vc/alert.html]
[exoxemis.com/wp-content/plugins/js_composer/assets/vc/info.html]
[exoxemis.com/wp-content/plugins/js_composer/assets/vc/tick.html]
[exoxemis.com/wp-content/plugins/js_composer/assets/vc/exclamation.html]
[exoxemis.com/wp-content/plugins/js_composer/assets/images/icons/address-book.html]
[exoxemis.com/wp-content/plugins/js_composer/assets/images/icons/alarm-clock.html]
[exoxemis.com/wp-content/plugins/js_composer/assets/images/icons/anchor.html]
[exoxemis.com/wp-content/plugins/js_composer/assets/images/icons/application-image.html]
[exoxemis.com/wp-content/plugins/js_composer/assets/images/icons/arrow.html]
[exoxemis.com/wp-content/plugins/js_composer/assets/images/icons/asterisk.html]
[exoxemis.com/wp-content/plugins/js_composer/assets/images/icons/auction-hammer.html]
[exoxemis.com/wp-content/plugins/js_composer/assets/images/icons/balloon.html]
[exoxemis.com/wp-content/plugins/js_composer/assets/images/icons/balloon-buzz.html]
[exoxemis.com/wp-content/plugins/js_composer/assets/images/icons/balloon-facebook.html]
[exoxemis.com/wp-content/plugins/js_composer/assets/images/icons/balloon-twitter.html]
[exoxemis.com/wp-content/plugins/js_composer/assets/images/icons/battery-full.html]
[exoxemis.com/wp-content/plugins/js_composer/assets/images/icons/binocular.html]
[exoxemis.com/wp-content/plugins/js_composer/assets/images/icons/blue-document-excel.html]
[exoxemis.com/wp-content/plugins/js_composer/assets/images/icons/blue-document-image.html]
[exoxemis.com/wp-content/plugins/js_composer/assets/images/icons/blue-document-music.html]
[exoxemis.com/wp-content/plugins/js_composer/assets/images/icons/blue-document-office.html]
[exoxemis.com/wp-content/plugins/js_composer/assets/images/icons/blue-document-pdf.html]
[exoxemis.com/wp-content/plugins/js_composer/assets/images/icons/blue-document-powerpoint.html]
[exoxemis.com/wp-content/plugins/js_composer/assets/images/icons/blue-document-word.html]
[exoxemis.com/wp-content/plugins/js_composer/assets/images/icons/bookmark.html]
[exoxemis.com/wp-content/plugins/js_composer/assets/images/icons/camcorder.html]
[exoxemis.com/wp-content/plugins/js_composer/assets/images/icons/camera.html]
[exoxemis.com/wp-content/plugins/js_composer/assets/images/icons/chart.html]
[exoxemis.com/wp-content/plugins/js_composer/assets/images/icons/chart-pie.html]
[exoxemis.com/wp-content/plugins/js_composer/assets/images/icons/clock.html]
[exoxemis.com/wp-content/plugins/js_composer/assets/images/icons/control.html]
[exoxemis.com/wp-content/plugins/js_composer/assets/images/icons/fire.html]
[exoxemis.com/wp-content/plugins/js_composer/assets/images/icons/heart.html]
[exoxemis.com/wp-content/plugins/js_composer/assets/images/icons/mail.html]
[exoxemis.com/wp-content/plugins/js_composer/assets/images/icons/plus-shield.html]
[exoxemis.com/wp-content/plugins/js_composer/assets/images/icons/video.html]
[exoxemis.com/wp-content/plugins/js_composer/assets/fonts/vc_icons_v2/fonts/vcpb-plugin-iconsb82a.html]
[exoxemis.com/wp-content/plugins/js_composer/assets/fonts/vc_icons_v2/fonts/vcpb-plugin-iconsb82a-2.html]
[exoxemis.com/wp-content/plugins/js_composer/assets/fonts/vc_icons_v2/fonts/vcpb-plugin-iconsb82a-3.html]
[exoxemis.com/wp-content/plugins/js_composer/assets/fonts/vc_icons_v2/fonts/vcpb-plugin-iconsb82a-4.html]
[exoxemis.com/wp-content/plugins/js_composer/assets/images/toggle_open.html]
[exoxemis.com/wp-content/plugins/js_composer/assets/images/toggle_close.html]
[exoxemis.com/wp-content/plugins/js_composer/assets/images/flickr.html]
[exoxemis.com/wp-content/plugins/js_composer/assets/vc/blur.html]
[exoxemis.com/wp-content/plugins/js_composer/assets/fonts/vc_grid/vc_grid_v157a1.html]
[exoxemis.com/wp-content/plugins/js_composer/assets/fonts/vc_grid/vc_grid_v1d41d.html]
[exoxemis.com/wp-content/plugins/js_composer/assets/fonts/vc_grid/vc_grid_v157a1-2.html]
[exoxemis.com/wp-content/plugins/js_composer/assets/fonts/vc_grid/vc_grid_v157a1-3.html]
[exoxemis.com/wp-content/plugins/js_composer/assets/fonts/vc_grid/vc_grid_v157a1-4.html]
[exoxemis.com/wp-content/plugins/js_composer/assets/images/spinner.html]
[exoxemis.com/wp-content/plugins/js_composer/assets/vc/remove.html]
[exoxemis.com/TweenLite.html]
[exoxemis.com/Version/index.html]
[exoxemis.com/themepunch.revolution.min.html]
[exoxemis.com/jquery.themepunch.revolution.min.html]
[exoxemis.com/jquery.themepunch.revolution.html]
[exoxemis.com/images/transparent.html]
[exoxemis.com/assets/transparent.html]
[exoxemis.com/wp-json/wp/v2/pages/687.html]
[exoxemis.com/indexcbf7.html]
[exoxemis.com/wp-json/oembed/1.0/embedc62c.html]
[exoxemis.com/wp-json/oembed/1.0/embed8432.html]
[insigniathemes.com/clariwell/inner-pages/wp-content/uploads/sites/9/2018/12/lab-pattern-bg-2e170.html]
[exoxemis.com/vision/index.html]
[exoxemis.com/index01ab.html]
[exoxemis.com/wp-content/plugins/js_composer/assets/css/js_composer_tta.mine23c.css]
[exoxemis.com/wp-content/plugins/js_composer/assets/lib/vc_accordion/vc-accordion.mine23c.js]
[exoxemis.com/wp-content/plugins/js_composer/assets/lib/vc-tta-autoplay/vc-tta-autoplay.mine23c.js]
[exoxemis.com/wp-content/plugins/js_composer/assets/lib/vc_tabs/vc-tabs.mine23c.js]
[exoxemis.com/index88b9.html]
[exoxemis.com/indexa181.html]
[exoxemis.com/index5dd8.html]
[exoxemis.com/index6cf4.html]
[insigniathemes.com/clariwell/inner-pages/wp-content/uploads/sites/9/2018/12/iconbox-bg-04-1a77c.html]
[exoxemis.com/index5819.html]
[exoxemis.com/indexed67.html]
[exoxemis.com/index1459.html]
[exoxemis.com/index12f4.html]
[exoxemis.com/wp-content/plugins/js_composer/assets/lib/bower/font-awesome/fonts/fontawesome-webfont3e6e.html]
[exoxemis.com/wp-content/plugins/js_composer/assets/lib/bower/font-awesome/fonts/fontawesome-webfont3e6e-2.html]
[exoxemis.com/wp-content/plugins/js_composer/assets/lib/prettyphoto/images/prettyPhoto/default/sprite.html]
[exoxemis.com/wp-content/plugins/js_composer/assets/lib/prettyphoto/images/prettyPhoto/default/sprite_x.html]
[exoxemis.com/wp-content/plugins/js_composer/assets/lib/prettyphoto/images/prettyPhoto/default/sprite_y.html]
[exoxemis.com/wp-content/plugins/js_composer/assets/lib/prettyphoto/images/prettyPhoto/default/sprite_next.html]
[exoxemis.com/wp-content/plugins/js_composer/assets/lib/prettyphoto/images/prettyPhoto/default/sprite_prev.html]
[exoxemis.com/wp-content/plugins/js_composer/assets/lib/prettyphoto/images/prettyPhoto/default/default_thumb.html]
[exoxemis.com/wp-content/plugins/js_composer/assets/lib/prettyphoto/images/prettyPhoto/default/loader.html]
[exoxemis.com/wp-content/plugins/js_composer/assets/lib/prettyphoto/images/prettyPhoto/light_rounded/sprite.html]
[exoxemis.com/wp-content/plugins/js_composer/assets/lib/prettyphoto/images/prettyPhoto/light_rounded/btnNext.html]
[exoxemis.com/wp-content/plugins/js_composer/assets/lib/prettyphoto/images/prettyPhoto/light_rounded/btnPrevious.html]
[exoxemis.com/wp-content/plugins/js_composer/assets/lib/prettyphoto/images/prettyPhoto/light_rounded/loader.html]
[exoxemis.com/wp-content/plugins/js_composer/assets/lib/prettyphoto/images/prettyPhoto/dark_rounded/sprite.html]
[exoxemis.com/wp-content/plugins/js_composer/assets/lib/prettyphoto/images/prettyPhoto/dark_rounded/contentPattern.html]
[exoxemis.com/wp-content/plugins/js_composer/assets/lib/prettyphoto/images/prettyPhoto/dark_rounded/btnNext.html]
[exoxemis.com/wp-content/plugins/js_composer/assets/lib/prettyphoto/images/prettyPhoto/dark_rounded/btnPrevious.html]
[exoxemis.com/wp-content/plugins/js_composer/assets/lib/prettyphoto/images/prettyPhoto/dark_rounded/loader.html]
[exoxemis.com/wp-content/plugins/js_composer/assets/lib/prettyphoto/images/prettyPhoto/dark_square/loader.html]
[exoxemis.com/wp-content/plugins/js_composer/assets/lib/prettyphoto/images/prettyPhoto/dark_square/sprite.html]
[exoxemis.com/wp-content/plugins/js_composer/assets/lib/prettyphoto/images/prettyPhoto/dark_square/btnNext.html]
[exoxemis.com/wp-content/plugins/js_composer/assets/lib/prettyphoto/images/prettyPhoto/dark_square/btnPrevious.html]
[exoxemis.com/wp-content/plugins/js_composer/assets/lib/prettyphoto/images/prettyPhoto/light_square/sprite.html]
[exoxemis.com/wp-content/plugins/js_composer/assets/lib/prettyphoto/images/prettyPhoto/light_square/btnNext.html]
[exoxemis.com/wp-content/plugins/js_composer/assets/lib/prettyphoto/images/prettyPhoto/light_square/btnPrevious.html]
[exoxemis.com/wp-content/plugins/js_composer/assets/lib/prettyphoto/images/prettyPhoto/facebook/sprite.html]
[exoxemis.com/wp-content/plugins/js_composer/assets/lib/prettyphoto/images/prettyPhoto/facebook/contentPatternTop.html]
[exoxemis.com/wp-content/plugins/js_composer/assets/lib/prettyphoto/images/prettyPhoto/facebook/contentPatternLeft.html]
[exoxemis.com/wp-content/plugins/js_composer/assets/lib/prettyphoto/images/prettyPhoto/facebook/contentPatternRight.html]
[exoxemis.com/wp-content/plugins/js_composer/assets/lib/prettyphoto/images/prettyPhoto/facebook/loader.html]
[exoxemis.com/wp-content/plugins/js_composer/assets/lib/prettyphoto/images/prettyPhoto/facebook/btnNext.html]
[exoxemis.com/wp-content/plugins/js_composer/assets/lib/prettyphoto/images/prettyPhoto/facebook/btnPrevious.html]
[exoxemis.com/wp-content/plugins/js_composer/assets/lib/prettyphoto/images/prettyPhoto/facebook/contentPatternBottom.html]
[exoxemis.com/wp-content/plugins/js_composer/assets/lib/prettyphoto/images/prettyPhoto/facebook/default_thumbnail.html]
[exoxemis.com/wp-content/themes/clariwell/assets/css/img/ajax-loader.html]
[exoxemis.com/wp-content/themes/clariwell/assets/img/loader.html]
[exoxemis.com/wp-content/themes/clariwell/assets/img/icons.html]
[exoxemis.com/wp-content/plugins/uji-popup/modal/css/close.html]
[exoxemis.com/wp-content/plugins/uji-popup/modal/css/spinner.html]
[exoxemis.com/Popover requires tooltip.html]
[exoxemis.com/youtu.be/index.html]
[exoxemis.com/HEAD.html]
[exoxemis.com/OPR/index.html]
